// Jest Snapshot v1, https://goo.gl/fbAQLP

exports[`Home page matches snapshot 1`] = `
<DocumentFragment>
  <div>
    <p>
      Hello World!
    </p>
  </div>
</DocumentFragment>
`;
